[one.encodeinfotech.com/index.html]
[backblue.gif]
[fade.gif]
[index.html]
[stackpath.bootstrapcdn.com/bootstrap/4.1.1/css/bootstrap.min.css]
[use.fontawesome.com/releases/v5.2.0/css/all.css]
[one.encodeinfotech.com/lib/open-conic/css/open-iconic-bootstrap.min.css]
[one.encodeinfotech.com/lib/toastr/toastr.min.css]
[one.encodeinfotech.com/css/site.min1d03.css]
[one.encodeinfotech.com/css/custom.css]
[one.encodeinfotech.com/css/demo.css]
[one.encodeinfotech.com/images/logo.png]
[one.encodeinfotech.com/images/logo-icon.png]
[one.encodeinfotech.com/images/avatars/employee-1.png]
[one.encodeinfotech.com/images/avatars/employee-2.png]
[one.encodeinfotech.com/images/avatars/employee-3.png]
[one.encodeinfotech.com/images/avatars/employee-4.png]
[one.encodeinfotech.com/images/user-profile.png]
[one.encodeinfotech.com/User/UserProfile.html]
[one.encodeinfotech.com/Masters/Employees.html]
[one.encodeinfotech.com/Masters/Designations.html]
[one.encodeinfotech.com/Masters/Departments.html]
[one.encodeinfotech.com/Masters/Countries.html]
[one.encodeinfotech.com/Identity/Account/Login6ee2.html]
[one.encodeinfotech.com/Identity/Account/Login.html]
[one.encodeinfotech.com/Identity/Account/Register.html]
[one.encodeinfotech.com/Identity/Account/ForgotPassword.html]
[one.encodeinfotech.com/Components/GeneralElements.html]
[one.encodeinfotech.com/Components/FontIconsOpenIconic.html]
[one.encodeinfotech.com/Components/FontIconsFontAwsome.html]
[one.encodeinfotech.com/Components/ListViews.html]
[one.encodeinfotech.com/Components/TreeViews.html]
[one.encodeinfotech.com/Components/SortableNestable.html]
[one.encodeinfotech.com/Tables/HTMLTable.html]
[one.encodeinfotech.com/Tables/DataTable.html]
[one.encodeinfotech.com/Forms/BasicElements.html]
[one.encodeinfotech.com/Forms/InputGroup.html]
[one.encodeinfotech.com/Forms/FormValidations.html]
[one.encodeinfotech.com/Forms/CustomForms.html]
[one.encodeinfotech.com/Forms/Select2.html]
[one.encodeinfotech.com/Forms/Typehead.html]
[one.encodeinfotech.com/Forms/Pickers.html]
[one.encodeinfotech.com/Forms/HTMLEditors.html]
[one.encodeinfotech.com/Forms/Slider.html]
[one.encodeinfotech.com/Forms/Spinner.html]
[one.encodeinfotech.com/Forms/Uploader.html]
[one.encodeinfotech.com/Forms/Steps.html]
[one.encodeinfotech.com/Charts/ChartJs.html]
[one.encodeinfotech.com/Charts/MorrisCharts.html]
[one.encodeinfotech.com/Charts/FlotCharts.html]
[one.encodeinfotech.com/Charts/HighchartTable.html]
[one.encodeinfotech.com/User/Tasks.html]
[one.encodeinfotech.com/User/Projects.html]
[one.encodeinfotech.com/User/Activities.html]
[one.encodeinfotech.com/Pages/BlankPage.html]
[one.encodeinfotech.com/Pages/Invoice.html]
[one.encodeinfotech.com/Pages/Pricing.html]
[one.encodeinfotech.com/Pages/NotFound.html]
[one.encodeinfotech.com/Components/Calendar.html]
[ajax.aspnetcdn.com/ajax/jquery/jquery-3.3.1.min.js]
[cdnjs.cloudflare.com/ajax/libs/popper.js/1.14.3/umd/popper.min.js]
[stackpath.bootstrapcdn.com/bootstrap/4.1.1/js/bootstrap.min.js]
[one.encodeinfotech.com/js/custom.js]
[one.encodeinfotech.com/js/demo.js]
[one.encodeinfotech.com/lib/chartjs/chart.min.js]
[one.encodeinfotech.com/js/pages/dashboard-demo.js]
[one.encodeinfotech.com/index.html]
[stackpath.bootstrapcdn.com/bootstrap/4.1.1/css/bootstrap.min.css]
[use.fontawesome.com/releases/v5.2.0/css/all.css]
[one.encodeinfotech.com/js/site.minffd1.js]
[one.encodeinfotech.com/lib/open-conic/fonts/open-iconic.eot]
[one.encodeinfotech.com/lib/open-conic/fonts/open-iconicd41d.eot]
[one.encodeinfotech.com/lib/open-conic/fonts/open-iconic.woff]
[one.encodeinfotech.com/lib/open-conic/fonts/open-iconic.ttf]
[one.encodeinfotech.com/lib/open-conic/fonts/open-iconic.otf]
[one.encodeinfotech.com/lib/open-conic/css/open-iconic-bootstrap.min.css]
[one.encodeinfotech.com/lib/toastr/toastr.min.css]
[one.encodeinfotech.com/images/table-loading.png]
[one.encodeinfotech.com/css/site.min1d03.css]
[one.encodeinfotech.com/css/custom.css]
[one.encodeinfotech.com/css/demo.css]
[one.encodeinfotech.com/User/UserProfile.html]
[one.encodeinfotech.com/lib/datatables/css/dataTables.bootstrap4.min.css]
[one.encodeinfotech.com/lib/datatables/css/responsive.bootstrap.min.css]
[one.encodeinfotech.com/Masters/Employees/Manage.html]
[one.encodeinfotech.com/lib/momentjs/moment.min.js]
[one.encodeinfotech.com/lib/datatables/js/jquery.dataTables.min.js]
[one.encodeinfotech.com/lib/datatables/js/dataTables.bootstrap4.min.js]
[one.encodeinfotech.com/Masters/Employees.html]
[one.encodeinfotech.com/lib/datatables/js/dataTables.responsive.min.js]
[one.encodeinfotech.com/Masters/Designations.html]
[one.encodeinfotech.com/Masters/Designations/Manage.html]
[one.encodeinfotech.com/Masters/Departments.html]
[one.encodeinfotech.com/Masters/Departments/Manage.html]
[one.encodeinfotech.com/Masters/Countries.html]
[one.encodeinfotech.com/Masters/Countries/Manage.html]
[one.encodeinfotech.com/Identity/Account/Registerf526.html]
[ajax.aspnetcdn.com/ajax/jquery.validate/1.17.0/jquery.validate.min.js]
[ajax.aspnetcdn.com/ajax/jquery.validation.unobtrusive/3.2.9/jquery.validate.unobtrusive.min.js]
[one.encodeinfotech.com/Identity/Account/Login6ee2.html]
[one.encodeinfotech.com/lib/particlesjs/particles.min.js]
[one.encodeinfotech.com/Identity/Account/Login.html]
[one.encodeinfotech.com/Identity/Account/Register.html]
[one.encodeinfotech.com/Identity/Account/ForgotPassword.html]
[one.encodeinfotech.com/Identity/Account/Register823e.html]
[one.encodeinfotech.com/images/other-images/image-1.jpg]
[one.encodeinfotech.com/Components/GeneralElements.html]
[one.encodeinfotech.com/Components/FontIconsOpenIconic.html]
[one.encodeinfotech.com/Components/FontIconsFontAwsome.html]
[one.encodeinfotech.com/Components/ListViews.html]
[one.encodeinfotech.com/lib/jstree/themes/default/style.min.css]
[one.encodeinfotech.com/lib/jstree/jstree.min.js]
[one.encodeinfotech.com/Components/TreeViews.html]
[one.encodeinfotech.com/js/pages/jstree-demo.js]
[one.encodeinfotech.com/lib/sortablejs/Sortable.min.js]
[one.encodeinfotech.com/lib/nestable/jquery.nestable.min.js]
[one.encodeinfotech.com/Components/SortableNestable.html]
[one.encodeinfotech.com/Tables/HTMLTable.html]
[one.encodeinfotech.com/Tables/DataTable.html]
[one.encodeinfotech.com/Forms/BasicElements.html]
[one.encodeinfotech.com/Forms/InputGroup.html]
[one.encodeinfotech.com/Forms/FormValidations.html]
[one.encodeinfotech.com/Forms/CustomForms.html]
[one.encodeinfotech.com/js/pages/sortable-nestable-demo.js]
[one.encodeinfotech.com/lib/select2/select2.min.css]
[one.encodeinfotech.com/lib/select2/select2-bootstrap.css]
[github.com/select2/select2/blob/master/dist/js/select2.full.html]
[one.encodeinfotech.com/Forms/Select2.html]
[one.encodeinfotech.com/lib/select2/select2.full.min.js]
[one.encodeinfotech.com/Forms/Typehead.html]
[one.encodeinfotech.com/js/pages/typeahead-demo.js]
[one.encodeinfotech.com/lib/flatpickr/flatpickr.min.css]
[one.encodeinfotech.com/lib/bootstrap-colorpicker/css/bootstrap-colorpicker.min.css]
[one.encodeinfotech.com/lib/flatpickr/flatpickr.js]
[one.encodeinfotech.com/js/pages/flatpickr-demo.js]
[one.encodeinfotech.com/lib/bootstrap-colorpicker/js/bootstrap-colorpicker.js]
[one.encodeinfotech.com/Forms/Pickers.html]
[one.encodeinfotech.com/js/pages/colorpicker-demo.js]
[www.tiny.cloud/images/glyph-tinymce@2x.png]
[one.encodeinfotech.com/lib/ckeditor/ckeditor.js]
[one.encodeinfotech.com/js/pages/ckeditor-demo.js]
[one.encodeinfotech.com/lib/tinymce/jquery.tinymce.min.js]
[one.encodeinfotech.com/lib/tinymce/tinymce.min.js]
[one.encodeinfotech.com/Forms/HTMLEditors.html]
[one.encodeinfotech.com/js/pages/tinymce-demo.js]
[one.encodeinfotech.com/lib/nouislider/nouislider.min.css]
[one.encodeinfotech.com/lib/masonry-layout/masonry.pkgd.min.js]
[one.encodeinfotech.com/lib/nouislider/wNumb.js]
[one.encodeinfotech.com/lib/nouislider/nouislider.min.js]
[one.encodeinfotech.com/Forms/Slider.html]
[one.encodeinfotech.com/js/pages/slider-demo.js]
[one.encodeinfotech.com/lib/bootstrap-touchspin/jquery.bootstrap-touchspin.min.css]
[one.encodeinfotech.com/lib/bootstrap-touchspin/jquery.bootstrap-touchspin.min.js]
[one.encodeinfotech.com/Forms/Spinner.html]
[one.encodeinfotech.com/js/pages/spinner-demo.js]
[one.encodeinfotech.com/lib/blueimp-file-upload/js/vendor/jquery.ui.widget.js]
[one.encodeinfotech.com/lib/blueimp-file-upload/js/jquery.iframe-transport.js]
[one.encodeinfotech.com/lib/blueimp-file-upload/js/jquery.fileupload.js]
[one.encodeinfotech.com/lib/blueimp-file-upload/js/jquery.fileupload-process.js]
[one.encodeinfotech.com/lib/blueimp-file-upload/js/jquery.fileupload-image.js]
[one.encodeinfotech.com/lib/blueimp-file-upload/js/jquery.fileupload-audio.js]
[one.encodeinfotech.com/lib/blueimp-file-upload/js/jquery.fileupload-video.js]
[one.encodeinfotech.com/lib/blueimp-file-upload/js/jquery.fileupload-validate.js]
[one.encodeinfotech.com/Forms/Uploader.html]
[one.encodeinfotech.com/Forms/Steps.html]
[one.encodeinfotech.com/js/pages/uploader-demo.js]
[one.encodeinfotech.com/lib/chartjs/Chart.bundle.min.js]
[one.encodeinfotech.com/Charts/ChartJs.html]
[one.encodeinfotech.com/lib/chartjs/utils.js]
[one.encodeinfotech.com/lib/morris-charts/morris.css]
[one.encodeinfotech.com/lib/raphael-js/raphael.min.js]
[one.encodeinfotech.com/Charts/MorrisCharts.html]
[one.encodeinfotech.com/lib/morris-charts/morris.min.js]
[one.encodeinfotech.com/lib/flotcharts/jquery.flot.min.js]
[one.encodeinfotech.com/lib/flotcharts/jquery.flot.pie.min.js]
[one.encodeinfotech.com/Charts/FlotCharts.html]
[one.encodeinfotech.com/lib/flotcharts/jquery.flot.stack.min.js]
[one.encodeinfotech.com/lib/highchart-table/highcharts.js]
[one.encodeinfotech.com/Charts/HighchartTable.html]
[one.encodeinfotech.com/lib/highchart-table/jquery.highchartTable-min.js]
[one.encodeinfotech.com/images/avatars/employee-5.png]
[one.encodeinfotech.com/images/avatars/employee-10.png]
[one.encodeinfotech.com/images/avatars/employee-8.png]
[one.encodeinfotech.com/images/avatars/employee-7.png]
[one.encodeinfotech.com/User/Tasks.html]
[one.encodeinfotech.com/images/avatars/employee-9.png]
[one.encodeinfotech.com/images/avatars/employee-6.png]
[one.encodeinfotech.com/User/Projects.html]
[one.encodeinfotech.com/images/illustration/illustration1.jpg]
[one.encodeinfotech.com/images/illustration/illustration3.jpg]
[one.encodeinfotech.com/images/illustration/illustration2.jpg]
[one.encodeinfotech.com/User/Activities.html]
[one.encodeinfotech.com/Pages/BlankPage.html]
[one.encodeinfotech.com/Pages/Invoice.html]
[one.encodeinfotech.com/Pages/Pricing.html]
[one.encodeinfotech.com/Pages/NotFound.html]
[one.encodeinfotech.com/lib/fullcalendar/css/fullcalendar.min.css]
[one.encodeinfotech.com/lib/fullcalendar/css/fullcalendar.print.css]
[one.encodeinfotech.com/lib/fullcalendar/js/fullcalendar.min.js]
[one.encodeinfotech.com/Components/Calendar.html]
[one.encodeinfotech.com/lib/open-conic/fonts/open-iconic.svg]
[one.encodeinfotech.com/lib/datatables/css/dataTables.bootstrap4.min.css]
[one.encodeinfotech.com/lib/datatables/css/responsive.bootstrap.min.css]
[one.encodeinfotech.com/Masters/Employees/Manage.html]
[one.encodeinfotech.com/Masters/Designations/Manage.html]
[one.encodeinfotech.com/Masters/Departments/Manage.html]
[one.encodeinfotech.com/Masters/Countries/Manage.html]
[one.encodeinfotech.com/lib/jquery-validation/dist/jquery.validate.min.js]
[one.encodeinfotech.com/Identity/Account/Registerf526.html]
[one.encodeinfotech.com/Identity/Account/Loginf526.html]
[one.encodeinfotech.com/Identity/Account/Register823e.html]
[one.encodeinfotech.com/lib/jstree/themes/default/style.min.css]
[one.encodeinfotech.com/lib/select2/select2.min.css]
[one.encodeinfotech.com/lib/select2/select2-bootstrap.css]
[one.encodeinfotech.com/Identity/Account/Login823e.html]
[assets-cdn.github.com/assets/frameworks-a92bcfa8d646a4f8874998ac7b7ec3b8.css]
[assets-cdn.github.com/assets/site-ed8336ee6adec04eafc4a119b696ca41.css]
[assets-cdn.github.com/assets/github-dcec5865f6e6a7cf73a4ec0e0ef43903.css]
[github.com/fluidicon.png]
[github.com/select2/select2/blob/master/dist/js/select2.full.html]
[one.encodeinfotech.com/lib/flatpickr/flatpickr.min.css]
[one.encodeinfotech.com/lib/bootstrap-colorpicker/img/bootstrap-colorpicker/saturation.png]
[one.encodeinfotech.com/lib/bootstrap-colorpicker/img/bootstrap-colorpicker/hue.png]
[one.encodeinfotech.com/lib/bootstrap-colorpicker/img/bootstrap-colorpicker/alpha.png]
[one.encodeinfotech.com/lib/bootstrap-colorpicker/img/bootstrap-colorpicker/hue-horizontal.png]
[one.encodeinfotech.com/lib/bootstrap-colorpicker/img/bootstrap-colorpicker/alpha-horizontal.png]
[one.encodeinfotech.com/lib/bootstrap-colorpicker/css/bootstrap-colorpicker.min.css]
[one.encodeinfotech.com/lib/nouislider/nouislider.min.css]
[one.encodeinfotech.com/lib/bootstrap-touchspin/jquery.bootstrap-touchspin.min.css]
[one.encodeinfotech.com/lib/morris-charts/morris.css]
[one.encodeinfotech.com/lib/fullcalendar/css/fullcalendar.min.css]
[one.encodeinfotech.com/lib/fullcalendar/css/fullcalendar.print.css]
[one.encodeinfotech.com/Identity/Account/Loginf526.html]
[one.encodeinfotech.com/Identity/Account/Login823e.html]
[assets-cdn.github.com/images/spinners/octocat-spinner-16px.gif]
[assets-cdn.github.com/images/modules/ajax/success.png]
[assets-cdn.github.com/images/modules/ajax/error.png]
[assets-cdn.github.com/images/spinners/octocat-spinner-32.gif]
[assets-cdn.github.com/images/modules/ajax/success@2x.png]
[assets-cdn.github.com/images/modules/ajax/error@2x.png]
[assets-cdn.github.com/images/spinners/octocat-spinner-32-EAF2F5.gif]
[assets-cdn.github.com/assets/frameworks-a92bcfa8d646a4f8874998ac7b7ec3b8.css]
[assets-cdn.github.com/images/spinners/octocat-spinner-16px-EAF2F5.gif]
[assets-cdn.github.com/images/modules/pulls/progressive-disclosure-line@2x.png]
[assets-cdn.github.com/images/modules/pagehead/background-yellowhatch-v3.png]
[assets-cdn.github.com/images/icons/twitter-white.png]
[assets-cdn.github.com/images/icons/twitter.png]
[assets-cdn.github.com/images/spinners/octocat-spinner-64.gif]
[assets-cdn.github.com/images/modules/jobs/logo.png]
[assets-cdn.github.com/images/modules/commit/trans_bg.gif]
[assets-cdn.github.com/images/modules/comments/closed_pattern.gif]
[assets-cdn.github.com/images/spinners/octocat-spinner-128.gif]
[assets-cdn.github.com/images/modules/orgs/dots-bg.png]
[assets-cdn.github.com/images/modules/settings/2fa_guide.png]
[assets-cdn.github.com/images/modules/settings/2fa_guide@2x.png]
[assets-cdn.github.com/assets/github-dcec5865f6e6a7cf73a4ec0e0ef43903.css]
[assets-cdn.github.com/images/modules/site/netneutrality/netneutrality.png]
[assets-cdn.github.com/images/modules/site/illflow_window_ui.png]
[assets-cdn.github.com/images/modules/site/business-security-illflow-bg.png]
[assets-cdn.github.com/images/modules/site/site-signup-prompt.png]
[assets-cdn.github.com/assets/site-ed8336ee6adec04eafc4a119b696ca41.css]
